{
  "config": {
    "configFile": "C:\\Users\\user\\WebstormProjects\\EQVCOL_AT\\API-Tests\\playwright.config.ts",
    "rootDir": "C:/Users/user/WebstormProjects/EQVCOL_AT/API-Tests/API-Tests/tests",
    "forbidOnly": false,
    "fullyParallel": true,
    "globalSetup": null,
    "globalTeardown": null,
    "globalTimeout": 0,
    "grep": {},
    "grepInvert": null,
    "maxFailures": 0,
    "metadata": {},
    "preserveOutput": "always",
    "reporter": [
      [
        "json"
      ]
    ],
    "reportSlowTests": {
      "max": 5,
      "threshold": 300000
    },
    "quiet": false,
    "projects": [
      {
        "outputDir": "C:/Users/user/WebstormProjects/EQVCOL_AT/test-results/test-output",
        "repeatEach": 1,
        "retries": 0,
        "metadata": {},
        "id": "stage",
        "name": "stage",
        "testDir": "C:/Users/user/WebstormProjects/EQVCOL_AT/API-Tests/API-Tests/tests",
        "testIgnore": [],
        "testMatch": [
          "**/*.@(spec|test).?(c|m)[jt]s?(x)"
        ],
        "timeout": 30000
      },
      {
        "outputDir": "C:/Users/user/WebstormProjects/EQVCOL_AT/test-results/test-output",
        "repeatEach": 1,
        "retries": 0,
        "metadata": {},
        "id": "production",
        "name": "production",
        "testDir": "C:/Users/user/WebstormProjects/EQVCOL_AT/API-Tests/API-Tests/tests",
        "testIgnore": [],
        "testMatch": [
          "**/*.@(spec|test).?(c|m)[jt]s?(x)"
        ],
        "timeout": 30000
      }
    ],
    "shard": null,
    "updateSnapshots": "missing",
    "updateSourceMethod": "patch",
    "version": "1.56.1",
    "workers": 6,
    "webServer": {
      "command": "npm run start:api",
      "url": "http://localhost:3000",
      "reuseExistingServer": true
    }
  },
  "suites": [],
  "errors": [
    {
      "message": "Error: Process from config.webServer was not able to start. Exit code: 1",
      "stack": "Error: Process from config.webServer was not able to start. Exit code: 1"
    }
  ],
  "stats": {
    "startTime": "2026-09-30T13:12:45.121Z",
    "duration": 988.9260000000002,
    "expected": 0,
    "skipped": 0,
    "unexpected": 0,
    "flaky": 0
  }
}
